INFO:     Started server process [23076]
INFO:     Waiting for application startup.
INFO:     Application startup complete.
INFO:     Uvicorn running on http://0.0.0.0:8000 (Press CTRL+C to quit)
INFO:     127.0.0.1:55700 - "WebSocket /ws/state" [accepted]
INFO:     connection open
INFO:     127.0.0.1:51148 - "WebSocket /ws/state" [accepted]
INFO:     connection open
INFO:     127.0.0.1:51879 - "WebSocket /ws/state" [accepted]
INFO:     connection open
INFO:     127.0.0.1:50820 - "WebSocket /ws/state" [accepted]
INFO:     connection open
INFO:     connection closed
INFO:     connection closed
INFO:     127.0.0.1:54628 - "WebSocket /ws/state" [accepted]
INFO:     connection open
INFO:     127.0.0.1:58066 - "WebSocket /ws/state" [accepted]
INFO:     connection open
ConnectionClosedError exception in shielded future
future: <Future finished exception=ConnectionClosedError(None, Close(code=<CloseCode.INTERNAL_ERROR: 1011>, reason='keepalive ping timeout'), None)>
Traceback (most recent call last):
  File "d:\aegis\.venv\Lib\site-packages\websockets\legacy\protocol.py", line 1276, in close_connection
    await self.transfer_data_task
  File "d:\aegis\.venv\Lib\site-packages\websockets\legacy\protocol.py", line 940, in transfer_data
    message = await self.read_message()
              ^^^^^^^^^^^^^^^^^^^^^^^^^
  File "d:\aegis\.venv\Lib\site-packages\websockets\legacy\protocol.py", line 1010, in read_message
    frame = await self.read_data_frame(max_size=self.max_size)
            ^^^^^^^^^^^^^^^^^^^^^^^^^^^^^^^^^^^^^^^^^^^^^^^^^^
  File "d:\aegis\.venv\Lib\site-packages\websockets\legacy\protocol.py", line 1087, in read_data_frame
    frame = await self.read_frame(max_size)
            ^^^^^^^^^^^^^^^^^^^^^^^^^^^^^^^
  File "d:\aegis\.venv\Lib\site-packages\websockets\legacy\protocol.py", line 1144, in read_frame
    frame = await Frame.read(
            ^^^^^^^^^^^^^^^^^
    ...<4 lines>...
    )
    ^
  File "d:\aegis\.venv\Lib\site-packages\websockets\legacy\framing.py", line 70, in read
    data = await reader(2)
           ^^^^^^^^^^^^^^^
  File "C:\Python314\Lib\asyncio\streams.py", line 769, in readexactly
    await self._wait_for_data('readexactly')
  File "C:\Python314\Lib\asyncio\streams.py", line 539, in _wait_for_data
    await self._waiter
asyncio.exceptions.CancelledError

The above exception was the direct cause of the following exception:

websockets.exceptions.ConnectionClosedError: sent 1011 (internal error) keepalive ping timeout; no close frame received
INFO:     connection closed
ConnectionClosedError exception in shielded future
future: <Future finished exception=ConnectionClosedError(None, Close(code=<CloseCode.INTERNAL_ERROR: 1011>, reason='keepalive ping timeout'), None)>
Traceback (most recent call last):
  File "d:\aegis\.venv\Lib\site-packages\websockets\legacy\protocol.py", line 1276, in close_connection
    await self.transfer_data_task
  File "d:\aegis\.venv\Lib\site-packages\websockets\legacy\protocol.py", line 940, in transfer_data
    message = await self.read_message()
              ^^^^^^^^^^^^^^^^^^^^^^^^^
  File "d:\aegis\.venv\Lib\site-packages\websockets\legacy\protocol.py", line 1010, in read_message
    frame = await self.read_data_frame(max_size=self.max_size)
            ^^^^^^^^^^^^^^^^^^^^^^^^^^^^^^^^^^^^^^^^^^^^^^^^^^
  File "d:\aegis\.venv\Lib\site-packages\websockets\legacy\protocol.py", line 1087, in read_data_frame
    frame = await self.read_frame(max_size)
            ^^^^^^^^^^^^^^^^^^^^^^^^^^^^^^^
  File "d:\aegis\.venv\Lib\site-packages\websockets\legacy\protocol.py", line 1144, in read_frame
    frame = await Frame.read(
            ^^^^^^^^^^^^^^^^^
    ...<4 lines>...
    )
    ^
  File "d:\aegis\.venv\Lib\site-packages\websockets\legacy\framing.py", line 70, in read
    data = await reader(2)
           ^^^^^^^^^^^^^^^
  File "C:\Python314\Lib\asyncio\streams.py", line 769, in readexactly
    await self._wait_for_data('readexactly')
  File "C:\Python314\Lib\asyncio\streams.py", line 539, in _wait_for_data
    await self._waiter
asyncio.exceptions.CancelledError

The above exception was the direct cause of the following exception:

websockets.exceptions.ConnectionClosedError: sent 1011 (internal error) keepalive ping timeout; no close frame received
INFO:     connection closed
ConnectionClosedError exception in shielded future
future: <Future finished exception=ConnectionClosedError(None, Close(code=<CloseCode.INTERNAL_ERROR: 1011>, reason='keepalive ping timeout'), None)>
Traceback (most recent call last):
  File "d:\aegis\.venv\Lib\site-packages\websockets\legacy\protocol.py", line 1276, in close_connection
    await self.transfer_data_task
  File "d:\aegis\.venv\Lib\site-packages\websockets\legacy\protocol.py", line 940, in transfer_data
    message = await self.read_message()
              ^^^^^^^^^^^^^^^^^^^^^^^^^
  File "d:\aegis\.venv\Lib\site-packages\websockets\legacy\protocol.py", line 1010, in read_message
    frame = await self.read_data_frame(max_size=self.max_size)
            ^^^^^^^^^^^^^^^^^^^^^^^^^^^^^^^^^^^^^^^^^^^^^^^^^^
  File "d:\aegis\.venv\Lib\site-packages\websockets\legacy\protocol.py", line 1087, in read_data_frame
    frame = await self.read_frame(max_size)
            ^^^^^^^^^^^^^^^^^^^^^^^^^^^^^^^
  File "d:\aegis\.venv\Lib\site-packages\websockets\legacy\protocol.py", line 1144, in read_frame
    frame = await Frame.read(
            ^^^^^^^^^^^^^^^^^
    ...<4 lines>...
    )
    ^
  File "d:\aegis\.venv\Lib\site-packages\websockets\legacy\framing.py", line 70, in read
    data = await reader(2)
           ^^^^^^^^^^^^^^^
  File "C:\Python314\Lib\asyncio\streams.py", line 769, in readexactly
    await self._wait_for_data('readexactly')
  File "C:\Python314\Lib\asyncio\streams.py", line 539, in _wait_for_data
    await self._waiter
asyncio.exceptions.CancelledError

The above exception was the direct cause of the following exception:

websockets.exceptions.ConnectionClosedError: sent 1011 (internal error) keepalive ping timeout; no close frame received
INFO:     connection closed
ConnectionClosedError exception in shielded future
future: <Future finished exception=ConnectionClosedError(None, Close(code=<CloseCode.INTERNAL_ERROR: 1011>, reason='keepalive ping timeout'), None)>
Traceback (most recent call last):
  File "d:\aegis\.venv\Lib\site-packages\websockets\legacy\protocol.py", line 1276, in close_connection
    await self.transfer_data_task
  File "d:\aegis\.venv\Lib\site-packages\websockets\legacy\protocol.py", line 940, in transfer_data
    message = await self.read_message()
              ^^^^^^^^^^^^^^^^^^^^^^^^^
  File "d:\aegis\.venv\Lib\site-packages\websockets\legacy\protocol.py", line 1010, in read_message
    frame = await self.read_data_frame(max_size=self.max_size)
            ^^^^^^^^^^^^^^^^^^^^^^^^^^^^^^^^^^^^^^^^^^^^^^^^^^
  File "d:\aegis\.venv\Lib\site-packages\websockets\legacy\protocol.py", line 1087, in read_data_frame
    frame = await self.read_frame(max_size)
            ^^^^^^^^^^^^^^^^^^^^^^^^^^^^^^^
  File "d:\aegis\.venv\Lib\site-packages\websockets\legacy\protocol.py", line 1144, in read_frame
    frame = await Frame.read(
            ^^^^^^^^^^^^^^^^^
    ...<4 lines>...
    )
    ^
  File "d:\aegis\.venv\Lib\site-packages\websockets\legacy\framing.py", line 70, in read
    data = await reader(2)
           ^^^^^^^^^^^^^^^
  File "C:\Python314\Lib\asyncio\streams.py", line 769, in readexactly
    await self._wait_for_data('readexactly')
  File "C:\Python314\Lib\asyncio\streams.py", line 539, in _wait_for_data
    await self._waiter
asyncio.exceptions.CancelledError

The above exception was the direct cause of the following exception:

websockets.exceptions.ConnectionClosedError: sent 1011 (internal error) keepalive ping timeout; no close frame received
INFO:     connection closed
INFO:     127.0.0.1:65523 - "WebSocket /ws/state" [accepted]
INFO:     connection open
INFO:     127.0.0.1:52939 - "WebSocket /ws/state" [accepted]
INFO:     connection open
INFO:     127.0.0.1:64748 - "WebSocket /ws/state" [accepted]
INFO:     connection open
ConnectionClosedError exception in shielded future
future: <Future finished exception=ConnectionClosedError(None, Close(code=<CloseCode.INTERNAL_ERROR: 1011>, reason='keepalive ping timeout'), None)>
Traceback (most recent call last):
  File "d:\aegis\.venv\Lib\site-packages\websockets\legacy\protocol.py", line 1276, in close_connection
    await self.transfer_data_task
  File "d:\aegis\.venv\Lib\site-packages\websockets\legacy\protocol.py", line 940, in transfer_data
    message = await self.read_message()
              ^^^^^^^^^^^^^^^^^^^^^^^^^
  File "d:\aegis\.venv\Lib\site-packages\websockets\legacy\protocol.py", line 1010, in read_message
    frame = await self.read_data_frame(max_size=self.max_size)
            ^^^^^^^^^^^^^^^^^^^^^^^^^^^^^^^^^^^^^^^^^^^^^^^^^^
  File "d:\aegis\.venv\Lib\site-packages\websockets\legacy\protocol.py", line 1087, in read_data_frame
    frame = await self.read_frame(max_size)
            ^^^^^^^^^^^^^^^^^^^^^^^^^^^^^^^
  File "d:\aegis\.venv\Lib\site-packages\websockets\legacy\protocol.py", line 1144, in read_frame
    frame = await Frame.read(
            ^^^^^^^^^^^^^^^^^
    ...<4 lines>...
    )
    ^
  File "d:\aegis\.venv\Lib\site-packages\websockets\legacy\framing.py", line 70, in read
    data = await reader(2)
           ^^^^^^^^^^^^^^^
  File "C:\Python314\Lib\asyncio\streams.py", line 769, in readexactly
    await self._wait_for_data('readexactly')
  File "C:\Python314\Lib\asyncio\streams.py", line 539, in _wait_for_data
    await self._waiter
asyncio.exceptions.CancelledError

The above exception was the direct cause of the following exception:

websockets.exceptions.ConnectionClosedError: sent 1011 (internal error) keepalive ping timeout; no close frame received
INFO:     connection closed
INFO:     127.0.0.1:63957 - "WebSocket /ws/state" [accepted]
INFO:     connection open
INFO:     127.0.0.1:57210 - "WebSocket /ws/state" [accepted]
INFO:     connection open
INFO:     connection closed
INFO:     connection closed
INFO:     127.0.0.1:63145 - "WebSocket /ws/state" [accepted]
INFO:     connection open
INFO:     127.0.0.1:60017 - "WebSocket /ws/state" [accepted]
INFO:     connection open
